REFINEMENT NFA_det
REFINES NFA_nondet
DEFINITIONS
  Alphabet == {0,1}
ABSTRACT_CONSTANTS deltas
VARIABLES curs
INVARIANT curs <: S
INITIALISATION curs:={z0}
OPERATIONS
  Go(input) = PRE input:Alphabet THEN curs:= deltas(curs,[input]) END;
  Accept_and_Reset = PRE curs /\ F /= {} THEN curs := {z0} END
END

